// Jest Snapshot v1, https://goo.gl/fbAQLP

exports[`Layout should match snapshot 1`] = `
<div>
  <header
    class="header"
  >
    <span
      class="hamburguer"
    >
      <svg
        fill="none"
        height="32"
        stroke="currentColor"
        stroke-width="2"
        viewBox="0 0 24 24"
        width="32"
        xmlns="http://www.w3.org/2000/svg"
      >
        <path
          d="M4 6h16M4 10h16M4 14h16M4 18h16"
          stroke-linecap="round"
          stroke-linejoin="round"
        />
      </svg>
    </span>
    <span>
      <svg
        fill="none"
        height="32"
        stroke="currentColor"
        stroke-width="2"
        viewBox="0 0 24 24"
        width="32"
        xmlns="http://www.w3.org/2000/svg"
      >
        <path
          d="M12 14l9-5-9-5-9 5 9 5z"
        />
        <path
          d="M12 14l6.16-3.422a12.083 12.083 0 01.665 6.479A11.952 11.952 0 0012 20.055a11.952 11.952 0 00-6.824-2.998 12.078 12.078 0 01.665-6.479L12 14z"
        />
        <path
          d="M12 14l9-5-9-5-9 5 9 5zm0 0l6.16-3.422a12.083 12.083 0 01.665 6.479A11.952 11.952 0 0012 20.055a11.952 11.952 0 00-6.824-2.998 12.078 12.078 0 01.665-6.479L12 14zm-4 6v-7.5l4-2.222"
          stroke-linecap="round"
          stroke-linejoin="round"
        />
      </svg>
    </span>
  </header>
  <section
    class="section"
  >
    <aside
      class="aside close"
    >
      <ul
        class="ul"
      />
    </aside>
    <main
      class="main"
    >
      Teste
    </main>
  </section>
</div>
`;
