// Jest Snapshot v1, https://goo.gl/fbAQLP

exports[`ExerciseContent should match snapshot 1`] = `
<div>
  <div
    class="wrapper"
  >
    <span />
    <ul
      class="ul"
    />
    <button
      class="button"
    >
      ENVIAR RESPOSTA
    </button>
  </div>
</div>
`;
